// Jest Snapshot v1, https://goo.gl/fbAQLP

exports[`set-proper-tsconfig-path-for-qwik-vite-plugin migration should add "tsconfigFileNames" property 1`] = `
"import { qwikVite } from \\"@builder.io/qwik/optimizer\\";
import { defineConfig } from \\"vite\\";
import tsconfigPaths from \\"vite-tsconfig-paths\\";
import { qwikNxVite } from \\"qwik-nx/plugins\\";
export default defineConfig({
    plugins: [
        qwikNxVite(),
        qwikVite({
            tsconfigFileNames: [\\"tsconfig.app.json\\"],
            client: {
                outDir: \\"../../dist/apps/myapp/client\\",
            },
            ssr: {
                outDir: \\"../../dist/apps/myapp/server\\",
            }
        }),
        tsconfigPaths({ root: \\"../../\\" })
    ]
});
"
`;

exports[`set-proper-tsconfig-path-for-qwik-vite-plugin migration should not modify the "tsconfigFileNames" property if it exists 1`] = `
"import { qwikVite } from '@builder.io/qwik/optimizer';
import { defineConfig } from 'vite';
import tsconfigPaths from 'vite-tsconfig-paths';
import { qwikNxVite } from 'qwik-nx/plugins';

export default defineConfig({
  plugins: [
    qwikNxVite(),
    qwikVite({
      client: {
        outDir: '../../dist/apps/myapp/client',
      },
      ssr: {
        outDir: '../../dist/apps/myapp/server',
      },
tsconfigFileNames: [\\"MOCK_VALUE\\"]
    }),
    tsconfigPaths({ root: '../../' }),
  ],
});
"
`;
